exports[`test matches its snapshot 1`] = `
<div
  className="App">
  <div
    className="App-header">
    <h2>
      What\'s going on?
    </h2>
  </div>
  <TodoList />
</div>
`;
